================================================================================
2026-07-27T06:08:34.633752
NODE : Planner
TITLE: Execution Plan

{
    "reasoning": "To understand the purpose of the repository, I need to perform a semantic search across the codebase to identify its core functionality and documentation.",
    "steps": [
        {
            "tool": "vector",
            "action": "semantic_search",
            "arguments": {
                "query": "What is the purpose of this repository and its main features?"
            }
        }
    ]
}

================================================================================
2026-07-27T06:08:34.638750
NODE : Executor
TITLE: Executing Tool

{
    "tool": "vector",
    "action": "semantic_search",
    "arguments": {
        "query": "What is the purpose of this repository and its main features?"
    }
}

================================================================================
2026-07-27T06:08:37.651659
NODE : Executor
TITLE: Tool Result

{
    "tool": "vector",
    "query_type": "semantic_search",
    "results": [
        "ScoredVector(id='e9e3bcec-5ac3-4e32-8afe-2339315672f5_dbader/schedule_560', score=0.32515049, values=[], metadata={'chunk_index': 560, 'repository': 'dbader/schedule', 'source': 'commit:78d89269ecb2af5dfa20003e692d912e113f36ba', 'text': 'Initial code commit.', 'user_id': 'e9e3bcec-5ac3-4e32-8afe-2339315672f5'})",
        "ScoredVector(id='e9e3bcec-5ac3-4e32-8afe-2339315672f5_dbader/schedule_304', score=0.301151276, values=[], metadata={'chunk_index': 304, 'repository': 'dbader/schedule', 'source': 'commit:7ab021c7d7b0f3e35bbb57b130134470283d3543', 'text': 'Merge pull request #253 from karlcoelho/feature', 'user_id': 'e9e3bcec-5ac3-4e32-8afe-2339315672f5'})",
        "ScoredVector(id='e9e3bcec-5ac3-4e32-8afe-2339315672f5_dbader/schedule_462', score=0.298942566, values=[], metadata={'chunk_index': 462, 'repository': 'dbader/schedule', 'source': 'commit:e09a127c9e7075eb7d5a643f35be21156811baf7', 'text': 'Merge pull request #43 from WoLfulus/master', 'user_id': 'e9e3bcec-5ac3-4e32-8afe-2339315672f5'})",
        "ScoredVector(id='e9e3bcec-5ac3-4e32-8afe-2339315672f5_dbader/schedule_356', score=0.284760505, values=[], metadata={'chunk_index': 356, 'repository': 'dbader/schedule', 'source': 'commit:dff35f78b61c2a009f7fe53673409b66a1e77173', 'text': 'Update active clockwork github repo', 'user_id': 'e9e3bcec-5ac3-4e32-8afe-2339315672f5'})",
        "ScoredVector(id='e9e3bcec-5ac3-4e32-8afe-2339315672f5_dbader/schedule_561', score=0.283332855, values=[], metadata={'chunk_index': 561, 'repository': 'dbader/schedule', 'source': 'commit:e78bb438054338bb91ec5c79f87086ee037feebf', 'text': 'Initial commit', 'user_id': 'e9e3bcec-5ac3-4e32-8afe-2339315672f5'})"
    ]
}

================================================================================
2026-07-27T06:08:40.887577
NODE : Verifier
TITLE: Verification

{
    "supported": false,
    "confidence": 20,
    "reasoning": "The semantic search results provided only commit messages and generic metadata (e.g., 'Initial code commit', 'Merge pull request'). These results do not contain any descriptive information about the repository's functionality, purpose, or codebase structure. The current evidence is insufficient to answer the user's question.",
    "missing_information": [
        "README.md file content",
        "Project documentation",
        "Codebase overview or file structure"
    ],
    "decision": "retry"
}

================================================================================
2026-07-27T06:08:40.890578
NODE : Reflection
TITLE: Retry

{
    "reason": "The semantic search results provided only commit messages and generic metadata (e.g., 'Initial code commit', 'Merge pull request'). These results do not contain any descriptive information about the repository's functionality, purpose, or codebase structure. The current evidence is insufficient to answer the user's question.",
    "reflection_count": 1
}

================================================================================
2026-07-27T06:08:44.325325
NODE : Planner
TITLE: Execution Plan

{
    "reasoning": "Since a general semantic search failed to yield descriptive results, I will search for documentation files like README or index files, and perform a targeted semantic search for the project's architecture or core entry points to understand its purpose.",
    "steps": [
        {
            "tool": "vector",
            "action": "semantic_search",
            "arguments": {
                "query": "README.md file content or project overview documentation"
            }
        },
        {
            "tool": "vector",
            "action": "semantic_search",
            "arguments": {
                "query": "What are the main modules and core functionality of this project?"
            }
        }
    ]
}

================================================================================
2026-07-27T06:08:44.327321
NODE : Executor
TITLE: Executing Tool

{
    "tool": "vector",
    "action": "semantic_search",
    "arguments": {
        "query": "README.md file content or project overview documentation"
    }
}

================================================================================
2026-07-27T06:08:47.087922
NODE : Executor
TITLE: Tool Result

{
    "tool": "vector",
    "query_type": "semantic_search",
    "results": [
        "ScoredVector(id='e9e3bcec-5ac3-4e32-8afe-2339315672f5_dbader/schedule_558', score=0.482419908, values=[], metadata={'chunk_index': 558, 'repository': 'dbader/schedule', 'source': 'commit:827883cb858baf019a5d38e63fcef3208a658326', 'text': 'Update README.md', 'user_id': 'e9e3bcec-5ac3-4e32-8afe-2339315672f5'})",
        "ScoredVector(id='e9e3bcec-5ac3-4e32-8afe-2339315672f5_dbader/schedule_548', score=0.447089195, values=[], metadata={'chunk_index': 548, 'repository': 'dbader/schedule', 'source': 'commit:f071ba44912a03b6b6d1223cd25623867e44727f', 'text': 'Clarify usage in README.md', 'user_id': 'e9e3bcec-5ac3-4e32-8afe-2339315672f5'})",
        "ScoredVector(id='e9e3bcec-5ac3-4e32-8afe-2339315672f5_dbader/schedule_320', score=0.418587685, values=[], metadata={'chunk_index': 320, 'repository': 'dbader/schedule', 'source': 'commit:b4ac8ca65a3571060eb0ec0c8cb36b333c72afcd', 'text': 'Update README.rst', 'user_id': 'e9e3bcec-5ac3-4e32-8afe-2339315672f5'})",
        "ScoredVector(id='e9e3bcec-5ac3-4e32-8afe-2339315672f5_dbader/schedule_523', score=0.41827774, values=[], metadata={'chunk_index': 523, 'repository': 'dbader/schedule', 'source': 'commit:345ab42a08b2bd292068560c4b82e7927cb5fa64', 'text': 'Update README.rst', 'user_id': 'e9e3bcec-5ac3-4e32-8afe-2339315672f5'})",
        "ScoredVector(id='e9e3bcec-5ac3-4e32-8afe-2339315672f5_dbader/schedule_520', score=0.41827774, values=[], metadata={'chunk_index': 520, 'repository': 'dbader/schedule', 'source': 'commit:454dd9617f31729132508f81d9f78589ed91d15b', 'text': 'Update README.rst', 'user_id': 'e9e3bcec-5ac3-4e32-8afe-2339315672f5'})"
    ]
}

================================================================================
2026-07-27T06:08:47.087922
NODE : Executor
TITLE: Executing Tool

{
    "tool": "vector",
    "action": "semantic_search",
    "arguments": {
        "query": "What are the main modules and core functionality of this project?"
    }
}

================================================================================
2026-07-27T06:08:48.098385
NODE : Executor
TITLE: Tool Result

{
    "tool": "vector",
    "query_type": "semantic_search",
    "results": [
        "ScoredVector(id='e9e3bcec-5ac3-4e32-8afe-2339315672f5_dbader/schedule_669', score=0.305438, values=[], metadata={'chunk_index': 669, 'repository': 'dbader/schedule', 'source': 'https://github.com/dbader/schedule/pull/339', 'text': \"Title:\\nnew: apply schedule with asynchronous mode\\n\\nDescription:\\nhi, dbader:\\r\\n      Recently I was looking for a task module that could be executed continuously and found your project to be excellent. However, in the process of application, I found that the use of time.sleep method can cause some problems in CPU scheduling, so I combined your code and added the asynchronous mechanism to make it better, but I found that it is a synchronization library. So I don't know how to submit, now I have modified the code, please review, if possible, it is ok to pull a branch alone.\", 'user_id': 'e9e3bcec-5ac3-4e32-8afe-2339315672f5'})",
        "ScoredVector(id='e9e3bcec-5ac3-4e32-8afe-2339315672f5_dbader/schedule_560', score=0.304961205, values=[], metadata={'chunk_index': 560, 'repository': 'dbader/schedule', 'source': 'commit:78d89269ecb2af5dfa20003e692d912e113f36ba', 'text': 'Initial code commit.', 'user_id': 'e9e3bcec-5ac3-4e32-8afe-2339315672f5'})",
        "ScoredVector(id='e9e3bcec-5ac3-4e32-8afe-2339315672f5_dbader/schedule_656', score=0.304023743, values=[], metadata={'chunk_index': 656, 'repository': 'dbader/schedule', 'source': 'https://github.com/dbader/schedule/pull/395', 'text': \"Description:\\nHi! This project is pretty cool. However, at the moment the docs do not reflect all it's awesomeness. Having more extensive documentation, more examples and better navigation will help new people get started quickly and give pointers to advanced users. This pr is an attempt of doing this. Related to #4.\\r\\n\\r\\nAt its core I've split the existing documentation into more pages and added more content. \\r\\n\\r\\nI've moved most content from the FAQ page into separate pages. All simple feature questions are now in Examples. Details on more advanced features and tutorials on extending the library are moved into their own pages.\\r\\n\\r\\nI've also added new content:\\r\\n\\r\\n* Installation instructions (see `installation.rst`)\\r\\n* Instructions on how to enable printing built-in logs (see `logging.rst`)\\r\\n* How to create multiple schedulers (see `multiple-schedulers.rst`)\", 'user_id': 'e9e3bcec-5ac3-4e32-8afe-2339315672f5'})",
        "ScoredVector(id='e9e3bcec-5ac3-4e32-8afe-2339315672f5_dbader/schedule_628', score=0.291581154, values=[], metadata={'chunk_index': 628, 'repository': 'dbader/schedule', 'source': 'https://github.com/dbader/schedule/pull/455', 'text': \"Title:\\nRelease 1.1.0\\n\\nDescription:\\nSome really cool stuff has been added in the last few months so let's get ready for the next release! Bumping minor version to 1.1.0.\\r\\n\\r\\nThis release is fully backwards compatible. \\r\\n\\r\\nThanks to everyone who created pr's and helped make this release as cool as it is! :heart:\\r\\n\\r\\nI will keep this pr open some days to give you the opportunity to ask questions before the release happens.\", 'user_id': 'e9e3bcec-5ac3-4e32-8afe-2339315672f5'})",
        "ScoredVector(id='e9e3bcec-5ac3-4e32-8afe-2339315672f5_dbader/schedule_450', score=0.288226128, values=[], metadata={'chunk_index': 450, 'repository': 'dbader/schedule', 'source': 'commit:00d393be607b64dcc0e3ee07669e8997205fb03b', 'text': 'Merge pull request #68 from gil9red/master', 'user_id': 'e9e3bcec-5ac3-4e32-8afe-2339315672f5'})"
    ]
}

================================================================================
2026-07-27T06:08:51.998144
NODE : Verifier
TITLE: Verification

{
    "supported": false,
    "confidence": 40,
    "reasoning": "The current search results confirm the repository is named 'dbader/schedule' and is a Python library for task scheduling (specifically mentioned as a 'synchronization library' for task execution). However, the results are meta-data about commits and pull requests rather than the actual content of the README or a high-level summary of the library's API/functionality. To provide a high-quality answer, I need to see the actual content of the README.rst or README.md file, which was not successfully retrieved in the snippets.",
    "missing_information": [
        "Content of README.md or README.rst to provide a clear summary of the library's purpose and usage."
    ],
    "decision": "retry"
}

================================================================================
2026-07-27T06:08:52.001318
NODE : Reflection
TITLE: Retry

{
    "reason": "The current search results confirm the repository is named 'dbader/schedule' and is a Python library for task scheduling (specifically mentioned as a 'synchronization library' for task execution). However, the results are meta-data about commits and pull requests rather than the actual content of the README or a high-level summary of the library's API/functionality. To provide a high-quality answer, I need to see the actual content of the README.rst or README.md file, which was not successfully retrieved in the snippets.",
    "reflection_count": 2
}

================================================================================
2026-07-27T06:08:55.174847
NODE : Planner
TITLE: Execution Plan

{
    "reasoning": "The previous attempt failed to retrieve the actual content of the README file. I will perform a semantic search specifically targeting the content of the README file to understand the repository's purpose, and supplement this with a search for the main entry point or core class to confirm the library's functionality.",
    "steps": [
        {
            "tool": "vector",
            "action": "semantic_search",
            "arguments": {
                "query": "content of README.md or README.rst file"
            }
        },
        {
            "tool": "vector",
            "action": "semantic_search",
            "arguments": {
                "query": "core classes and main entry point for schedule library"
            }
        }
    ]
}

================================================================================
2026-07-27T06:08:55.176846
NODE : Executor
TITLE: Executing Tool

{
    "tool": "vector",
    "action": "semantic_search",
    "arguments": {
        "query": "content of README.md or README.rst file"
    }
}

================================================================================
2026-07-27T06:08:57.966951
NODE : Executor
TITLE: Tool Result

{
    "tool": "vector",
    "query_type": "semantic_search",
    "results": [
        "ScoredVector(id='e9e3bcec-5ac3-4e32-8afe-2339315672f5_dbader/schedule_320', score=0.56688118, values=[], metadata={'chunk_index': 320, 'repository': 'dbader/schedule', 'source': 'commit:b4ac8ca65a3571060eb0ec0c8cb36b333c72afcd', 'text': 'Update README.rst', 'user_id': 'e9e3bcec-5ac3-4e32-8afe-2339315672f5'})",
        "ScoredVector(id='e9e3bcec-5ac3-4e32-8afe-2339315672f5_dbader/schedule_524', score=0.566103935, values=[], metadata={'chunk_index': 524, 'repository': 'dbader/schedule', 'source': 'commit:5d82a69597e8dbd46d5c3bd93fdf22ac687d637c', 'text': 'Update README.rst', 'user_id': 'e9e3bcec-5ac3-4e32-8afe-2339315672f5'})",
        "ScoredVector(id='e9e3bcec-5ac3-4e32-8afe-2339315672f5_dbader/schedule_523', score=0.566103935, values=[], metadata={'chunk_index': 523, 'repository': 'dbader/schedule', 'source': 'commit:345ab42a08b2bd292068560c4b82e7927cb5fa64', 'text': 'Update README.rst', 'user_id': 'e9e3bcec-5ac3-4e32-8afe-2339315672f5'})",
        "ScoredVector(id='e9e3bcec-5ac3-4e32-8afe-2339315672f5_dbader/schedule_525', score=0.566103935, values=[], metadata={'chunk_index': 525, 'repository': 'dbader/schedule', 'source': 'commit:8794ad1afac6a4d156e68051b33d70553a1aa138', 'text': 'Update README.rst', 'user_id': 'e9e3bcec-5ac3-4e32-8afe-2339315672f5'})",
        "ScoredVector(id='e9e3bcec-5ac3-4e32-8afe-2339315672f5_dbader/schedule_520', score=0.566103935, values=[], metadata={'chunk_index': 520, 'repository': 'dbader/schedule', 'source': 'commit:454dd9617f31729132508f81d9f78589ed91d15b', 'text': 'Update README.rst', 'user_id': 'e9e3bcec-5ac3-4e32-8afe-2339315672f5'})"
    ]
}

================================================================================
2026-07-27T06:08:57.966951
NODE : Executor
TITLE: Executing Tool

{
    "tool": "vector",
    "action": "semantic_search",
    "arguments": {
        "query": "core classes and main entry point for schedule library"
    }
}

================================================================================
2026-07-27T06:08:59.150612
NODE : Executor
TITLE: Tool Result

{
    "tool": "vector",
    "query_type": "semantic_search",
    "results": [
        "ScoredVector(id='e9e3bcec-5ac3-4e32-8afe-2339315672f5_dbader/schedule_314', score=0.427550256, values=[], metadata={'chunk_index': 314, 'repository': 'dbader/schedule', 'source': 'commit:2ac7d9bc2738ef1d57351238f9bc5b91eaffe7f9', 'text': 'Update schedule/__init__.py', 'user_id': 'e9e3bcec-5ac3-4e32-8afe-2339315672f5'})",
        "ScoredVector(id='e9e3bcec-5ac3-4e32-8afe-2339315672f5_dbader/schedule_669', score=0.420532167, values=[], metadata={'chunk_index': 669, 'repository': 'dbader/schedule', 'source': 'https://github.com/dbader/schedule/pull/339', 'text': \"Title:\\nnew: apply schedule with asynchronous mode\\n\\nDescription:\\nhi, dbader:\\r\\n      Recently I was looking for a task module that could be executed continuously and found your project to be excellent. However, in the process of application, I found that the use of time.sleep method can cause some problems in CPU scheduling, so I combined your code and added the asynchronous mechanism to make it better, but I found that it is a synchronization library. So I don't know how to submit, now I have modified the code, please review, if possible, it is ok to pull a branch alone.\", 'user_id': 'e9e3bcec-5ac3-4e32-8afe-2339315672f5'})",
        "ScoredVector(id='e9e3bcec-5ac3-4e32-8afe-2339315672f5_dbader/schedule_118', score=0.41509819, values=[], metadata={'chunk_index': 118, 'repository': 'dbader/schedule', 'source': 'data\\\\repositories\\\\dbader__schedule\\\\schedule\\\\__init__.py', 'text': 'pass\\n\\n\\nclass ScheduleValueError(ScheduleError):\\n    \"\"\"Base schedule value error\"\"\"\\n\\n    pass\\n\\n\\nclass IntervalError(ScheduleValueError):\\n    \"\"\"An improper interval was used\"\"\"\\n\\n    pass\\n\\n\\nclass CancelJob:\\n    \"\"\"\\n    Can be returned from a job to unschedule itself.\\n    \"\"\"\\n\\n    pass\\n\\n\\nclass Scheduler:\\n    \"\"\"\\n    Objects instantiated by the :class:`Scheduler <Scheduler>` are\\n    factories to create jobs, keep record of scheduled jobs and\\n    handle their execution.\\n    \"\"\"\\n\\n    def __init__(self) -> None:\\n        self.jobs: List[Job] = []\\n\\n    def run_pending(self) -> None:\\n        \"\"\"\\n        Run all jobs that are scheduled to run.', 'user_id': 'e9e3bcec-5ac3-4e32-8afe-2339315672f5'})",
        "ScoredVector(id='e9e3bcec-5ac3-4e32-8afe-2339315672f5_dbader/schedule_596', score=0.405144691, values=[], metadata={'chunk_index': 596, 'repository': 'dbader/schedule', 'source': 'https://github.com/dbader/schedule/pull/576', 'text': \"Title:\\nRelease 1.2.0\\n\\nDescription:\\n\ud83c\udf89 Schedule 1.2.0 \ud83c\udf89\\r\\n\\r\\nHey, Schedule users! I'm stoked to _finally_ bring you the 1.2.0 release of the Python Schedule Library. It's got a few cool new features and small bug fixes, all thanks to you, the awesome contributors!\\r\\n\\r\\nHere are the highlights:\\r\\n\\r\\n* \ud83d\udc0d Python versions: We're dropping support for Python 3.6, but welcoming Python 3.10 and 3.11 to the party!\\r\\n* \u231a Timezone support: Now you can use timezones with .at()! Shoutout to @chrimaho and @rudSarkar for the contribution (#517)!\\r\\n* \ud83c\udff7\ufe0f Get next run by tag: Fetch the next scheduled run using tags, thanks to @jweijers (#463)!\\r\\n* \ud83d\udce6 Add py.typed file: For those who love type checking, @Akuli has you covered (#521)!\\r\\n\\r\\nThat's the highlights! We hope you enjoy this release, and as always, happy scheduling! \ud83d\udcc6\", 'user_id': 'e9e3bcec-5ac3-4e32-8afe-2339315672f5'})",
        "ScoredVector(id='e9e3bcec-5ac3-4e32-8afe-2339315672f5_dbader/schedule_5', score=0.399050653, values=[], metadata={'chunk_index': 5, 'repository': 'dbader/schedule', 'source': 'data\\\\repositories\\\\dbader__schedule\\\\setup.py', 'text': 'setup(\\n    name=\"schedule\",\\n    packages=[\"schedule\"],\\n    package_data={\"schedule\": [\"py.typed\"]},\\n    version=SCHEDULE_VERSION,\\n    description=\"Job scheduling for humans.\",\\n    long_description=read_file(\"README.rst\"),\\n    license=\"MIT\",\\n    author=\"Daniel Bader\",\\n    author_email=\"mail@dbader.org\",\\n    url=\"https://github.com/dbader/schedule\",\\n    download_url=SCHEDULE_DOWNLOAD_URL,\\n    keywords=[\\n        \"schedule\",\\n        \"periodic\",\\n        \"jobs\",\\n        \"scheduling\",\\n        \"clockwork\",\\n        \"cron\",\\n        \"scheduler\",\\n        \"job scheduling\",\\n    ],\\n    classifiers=[\\n        \"Intended Audience :: Developers\",\\n        \"License :: OSI Approved :: MIT License\",\\n        \"Development Status :: 5 - Production/Stable\",\\n        \"Operating System :: OS Independent\",\\n        \"Programming Language :: Python\",\\n        \"Programming Language :: Python :: 3\",\\n        \"Programming Language :: Python :: 3.7\",\\n        \"Programming Language :: Python :: 3.8\",', 'user_id': 'e9e3bcec-5ac3-4e32-8afe-2339315672f5'})"
    ]
}

================================================================================
2026-07-27T06:09:02.350305
NODE : Verifier
TITLE: Verification

{
    "supported": true,
    "confidence": 100,
    "reasoning": "The tool outputs provide clear evidence of the repository's purpose. Specifically, the `setup.py` file explicitly describes the project as 'Job scheduling for humans' and lists keywords like 'periodic', 'jobs', 'scheduling', and 'cron'. Additionally, the `__init__.py` file contains the `Scheduler` class, which is described as a factory to create, track, and execute jobs. This is sufficient to answer the user's question.",
    "missing_information": [],
    "decision": "answer"
}

================================================================================
2026-07-27T06:09:05.005768
NODE : Reporter
TITLE: Final Report

This repository, `dbader/schedule`, is a Python library described as "Job scheduling for humans." It provides a simple way to schedule periodic jobs, functioning similarly to a programmatic cron or clockwork utility.

Key components include:
*   **`setup.py`**: Defines the project as a tool for "periodic," "jobs," and "scheduling," intended for developers.
*   **`schedule/__init__.py`**: Contains the `Scheduler` class, which acts as a factory to create, track, and execute scheduled jobs.

