================================================================================
2026-07-27T06:12:26.457939
NODE : Planner
TITLE: Execution Plan

{
    "reasoning": "To explain the Scheduler class, I need to retrieve its definition and implementation details from the codebase.",
    "steps": [
        {
            "tool": "graph",
            "action": "find_symbol",
            "arguments": {
                "symbol_name": "Scheduler"
            }
        }
    ]
}

================================================================================
2026-07-27T06:12:26.462952
NODE : Executor
TITLE: Executing Tool

{
    "tool": "graph",
    "action": "find_symbol",
    "arguments": {
        "symbol_name": "Scheduler"
    }
}

================================================================================
2026-07-27T06:12:26.955555
NODE : Executor
TITLE: Tool Result

{
    "tool": "graph",
    "query_type": "find_symbol",
    "results": [
        {
            "labels": [
                "Class"
            ],
            "id": "e9e3bcec-5ac3-4e32-8afe-2339315672f5:dbader/schedule:schedule/__init__.py:Scheduler",
            "name": "Scheduler",
            "path": "schedule/__init__.py"
        }
    ]
}

================================================================================
2026-07-27T06:12:30.756672
NODE : Verifier
TITLE: Verification

{
    "supported": false,
    "confidence": 20,
    "reasoning": "The tool output only confirmed the existence and location of the 'Scheduler' class. It did not provide the actual source code, methods, or implementation details required to explain what the class does or how it functions.",
    "missing_information": [
        "Source code of the Scheduler class",
        "Method definitions within the Scheduler class",
        "Documentation or docstrings associated with the Scheduler class"
    ],
    "decision": "retry"
}

================================================================================
2026-07-27T06:12:30.759673
NODE : Reflection
TITLE: Retry

{
    "reason": "The tool output only confirmed the existence and location of the 'Scheduler' class. It did not provide the actual source code, methods, or implementation details required to explain what the class does or how it functions.",
    "reflection_count": 1
}

================================================================================
2026-07-27T06:12:34.419759
NODE : Planner
TITLE: Execution Plan

{
    "reasoning": "To explain the Scheduler class, I need to retrieve its full definition and implementation. Since find_symbol only provides the location, I will use semantic_search to retrieve the source code and documentation associated with the Scheduler class to provide a comprehensive explanation.",
    "steps": [
        {
            "tool": "vector",
            "action": "semantic_search",
            "arguments": {
                "query": "implementation and methods of the Scheduler class in schedule/__init__.py"
            }
        }
    ]
}

================================================================================
2026-07-27T06:12:34.422760
NODE : Executor
TITLE: Executing Tool

{
    "tool": "vector",
    "action": "semantic_search",
    "arguments": {
        "query": "implementation and methods of the Scheduler class in schedule/__init__.py"
    }
}

================================================================================
2026-07-27T06:12:38.232085
NODE : Executor
TITLE: Tool Result

{
    "tool": "vector",
    "query_type": "semantic_search",
    "results": [
        "ScoredVector(id='e9e3bcec-5ac3-4e32-8afe-2339315672f5_dbader/schedule_314', score=0.581787109, values=[], metadata={'chunk_index': 314, 'repository': 'dbader/schedule', 'source': 'commit:2ac7d9bc2738ef1d57351238f9bc5b91eaffe7f9', 'text': 'Update schedule/__init__.py', 'user_id': 'e9e3bcec-5ac3-4e32-8afe-2339315672f5'})",
        "ScoredVector(id='e9e3bcec-5ac3-4e32-8afe-2339315672f5_dbader/schedule_118', score=0.53308779, values=[], metadata={'chunk_index': 118, 'repository': 'dbader/schedule', 'source': 'data\\\\repositories\\\\dbader__schedule\\\\schedule\\\\__init__.py', 'text': 'pass\\n\\n\\nclass ScheduleValueError(ScheduleError):\\n    \"\"\"Base schedule value error\"\"\"\\n\\n    pass\\n\\n\\nclass IntervalError(ScheduleValueError):\\n    \"\"\"An improper interval was used\"\"\"\\n\\n    pass\\n\\n\\nclass CancelJob:\\n    \"\"\"\\n    Can be returned from a job to unschedule itself.\\n    \"\"\"\\n\\n    pass\\n\\n\\nclass Scheduler:\\n    \"\"\"\\n    Objects instantiated by the :class:`Scheduler <Scheduler>` are\\n    factories to create jobs, keep record of scheduled jobs and\\n    handle their execution.\\n    \"\"\"\\n\\n    def __init__(self) -> None:\\n        self.jobs: List[Job] = []\\n\\n    def run_pending(self) -> None:\\n        \"\"\"\\n        Run all jobs that are scheduled to run.', 'user_id': 'e9e3bcec-5ac3-4e32-8afe-2339315672f5'})",
        "ScoredVector(id='e9e3bcec-5ac3-4e32-8afe-2339315672f5_dbader/schedule_155', score=0.503118575, values=[], metadata={'chunk_index': 155, 'repository': 'dbader/schedule', 'source': 'data\\\\repositories\\\\dbader__schedule\\\\schedule\\\\__init__.py', 'text': 'def _is_overdue(self, when: datetime.datetime):\\n        return self.cancel_after is not None and when > self.cancel_after\\n\\n    def _decode_datetimestr(\\n        self, datetime_str: str, formats: List[str]\\n    ) -> Optional[datetime.datetime]:\\n        for f in formats:\\n            try:\\n                return datetime.datetime.strptime(datetime_str, f)\\n            except ValueError:\\n                pass\\n        return None\\n\\n\\n# The following methods are shortcuts for not having to\\n# create a Scheduler instance:\\n\\n#: Default :class:`Scheduler <Scheduler>` object\\ndefault_scheduler = Scheduler()\\n\\n#: Default :class:`Jobs <Job>` list\\njobs = default_scheduler.jobs  # todo: should this be a copy, e.g. jobs()?\\n\\n\\ndef every(interval: int = 1) -> Job:\\n    \"\"\"Calls :meth:`every <Scheduler.every>` on the\\n    :data:`default scheduler instance <default_scheduler>`.\\n    \"\"\"\\n    return default_scheduler.every(interval)', 'user_id': 'e9e3bcec-5ac3-4e32-8afe-2339315672f5'})",
        "ScoredVector(id='e9e3bcec-5ac3-4e32-8afe-2339315672f5_dbader/schedule_124', score=0.485460311, values=[], metadata={'chunk_index': 124, 'repository': 'dbader/schedule', 'source': 'data\\\\repositories\\\\dbader__schedule\\\\schedule\\\\__init__.py', 'text': 'Every job runs at a given fixed time interval that is defined by:\\n\\n    * a :meth:`time unit <Job.second>`\\n    * a quantity of `time units` defined by `interval`\\n\\n    A job is usually created and returned by :meth:`Scheduler.every`\\n    method, which also defines its `interval`.\\n    \"\"\"\\n\\n    def __init__(self, interval: int, scheduler: Optional[Scheduler] = None):\\n        self.interval: int = interval  # pause interval * unit between runs\\n        self.latest: Optional[int] = None  # upper limit to the interval\\n        self.job_func: Optional[functools.partial] = None  # the job job_func to run\\n\\n        # time units, e.g. \\'minutes\\', \\'hours\\', ...\\n        self.unit: Optional[str] = None\\n\\n        # optional time at which this job runs\\n        self.at_time: Optional[datetime.time] = None\\n\\n        # optional time zone of the self.at_time field. Only relevant when at_time is not None\\n        self.at_time_zone = None', 'user_id': 'e9e3bcec-5ac3-4e32-8afe-2339315672f5'})",
        "ScoredVector(id='e9e3bcec-5ac3-4e32-8afe-2339315672f5_dbader/schedule_96', score=0.480439216, values=[], metadata={'chunk_index': 96, 'repository': 'dbader/schedule', 'source': 'data\\\\repositories\\\\dbader__schedule\\\\test_schedule.py', 'text': 'with mock_datetime(2010, 1, 10, 11, 31):\\n            schedule.run_pending()\\n            assert mock_job.call_count == 2\\n\\n    def test_next_run_property(self):\\n        original_datetime = datetime.datetime\\n        with mock_datetime(2010, 1, 6, 13, 16):\\n            hourly_job = make_mock_job(\"hourly\")\\n            daily_job = make_mock_job(\"daily\")\\n            every().day.do(daily_job)\\n            every().hour.do(hourly_job)\\n            assert len(schedule.jobs) == 2\\n            # Make sure the hourly job is first\\n            assert schedule.next_run() == original_datetime(2010, 1, 6, 14, 16)\\n\\n    def test_idle_seconds(self):\\n        assert schedule.default_scheduler.next_run is None\\n        assert schedule.idle_seconds() is None', 'user_id': 'e9e3bcec-5ac3-4e32-8afe-2339315672f5'})"
    ]
}

================================================================================
2026-07-27T06:12:40.865641
NODE : Verifier
TITLE: Verification

{
    "supported": true,
    "confidence": 90,
    "reasoning": "The retrieved evidence provides the definition of the `Scheduler` class, its purpose (factory for jobs, tracking, and execution), its initialization (`self.jobs`), and references to its methods like `run_pending` and `every`. This is sufficient to explain the class to the user.",
    "missing_information": [],
    "decision": "answer"
}

================================================================================
2026-07-27T06:12:44.515394
NODE : Reporter
TITLE: Final Report

In the `dbader/schedule` repository, the `Scheduler` class (defined in `schedule/__init__.py`) serves as the core engine for managing periodic tasks. Its primary responsibilities include:

*   **Job Factory:** It acts as a factory to create new jobs.
*   **Record Keeping:** It maintains a list of all scheduled jobs in the `self.jobs` attribute.
*   **Execution:** It handles the execution of these jobs, specifically through methods like `run_pending()`, which triggers all jobs currently scheduled to run.

The library also provides a `default_scheduler` instance, which allows users to schedule tasks without manually instantiating the `Scheduler` class. Functions like `every()` are provided as shortcuts that interact directly with this `default_scheduler`.

